[0m19:24:49.430040 [debug] [MainThread]: Sending event: {'category': 'dbt', 'action': 'invocation', 'label': 'start', 'context': [<snowplow_tracker.self_describing_json.SelfDescribingJson object at 0x000001E795AF4590>, <snowplow_tracker.self_describing_json.SelfDescribingJson object at 0x000001E79803BED0>, <snowplow_tracker.self_describing_json.SelfDescribingJson object at 0x000001E79803BC50>]}


============================== 19:24:49.436682 | 017ad3e9-fe0a-44fa-882a-f32240262a98 ==============================
[0m19:24:49.436682 [info ] [MainThread]: Running with dbt=1.12.3
[0m19:24:49.437633 [debug] [MainThread]: running dbt with arguments {'maximum_seed_size_mib': '1', 'no_print': 'None', 'version_check': 'True', 'warn_error_options': 'WarnErrorOptionsV2(error=[], warn=[], silence=[])', 'target_path': 'None', 'static_parser': 'True', 'printer_width': '80', 'write_json': 'True', 'introspect': 'True', 'log_cache_events': 'False', 'empty': 'None', 'cache_selected_only': 'False', 'log_format': 'default', 'debug': 'False', 'fail_fast': 'False', 'partial_parse': 'True', 'send_anonymous_usage_stats': 'True', 'quiet': 'False', 'warn_error': 'None', 'profiles_dir': 'dbt', 'invocation_command': 'dbt debug --profiles-dir dbt --target local', 'hints_enabled': 'True', 'use_colors': 'True', 'use_experimental_parser': 'False', 'indirect_selection': 'eager', 'log_path': 'logs'}
[0m19:24:49.623284 [info ] [MainThread]: dbt version: 1.12.3
[0m19:24:49.624277 [info ] [MainThread]: python version: 3.13.9
[0m19:24:49.624914 [info ] [MainThread]: python path: C:\Users\HP\anaconda3\python.exe
[0m19:24:49.625484 [info ] [MainThread]: os info: Windows-11-10.0.26100-SP0
[0m19:24:49.841798 [info ] [MainThread]: Using profiles dir at dbt
[0m19:24:49.842573 [info ] [MainThread]: Using profiles.yml file at dbt\profiles.yml
[0m19:24:49.843257 [info ] [MainThread]: Using dbt_project.yml file at C:\Users\HP\OneDrive\Desktop\retail-demand-forecasting\dbt_project.yml
[0m19:24:49.847974 [info ] [MainThread]: adapter type: duckdb
[0m19:24:49.848645 [info ] [MainThread]: adapter version: 1.11.0
[0m19:24:49.849356 [info ] [MainThread]: Configuration:
[0m19:24:49.850384 [info ] [MainThread]:   profiles.yml file [[32mOK found and valid[0m]
[0m19:24:49.851116 [info ] [MainThread]:   dbt_project.yml file [[31mERROR not found[0m]
[0m19:24:49.852022 [info ] [MainThread]: Required dependencies:
[0m19:24:49.853014 [debug] [MainThread]: Executing "git --help"
[0m19:24:49.944639 [debug] [MainThread]: STDOUT: "b"usage: git [-v | --version] [-h | --help] [-C <path>] [-c <name>=<value>]\n           [--exec-path[=<path>]] [--html-path] [--man-path] [--info-path]\n           [-p | --paginate | -P | --no-pager] [--no-replace-objects] [--no-lazy-fetch]\n           [--no-optional-locks] [--no-advice] [--bare] [--git-dir=<path>]\n           [--work-tree=<path>] [--namespace=<name>] [--config-env=<name>=<envvar>]\n           <command> [<args>]\n\nThese are common Git commands used in various situations:\n\nstart a working area (see also: git help tutorial)\n   clone      Clone a repository into a new directory\n   init       Create an empty Git repository or reinitialize an existing one\n\nwork on the current change (see also: git help everyday)\n   add        Add file contents to the index\n   mv         Move or rename a file, a directory, or a symlink\n   restore    Restore working tree files\n   rm         Remove files from the working tree and from the index\n\nexamine the history and state (see also: git help revisions)\n   bisect     Use binary search to find the commit that introduced a bug\n   diff       Show changes between commits, commit and working tree, etc\n   grep       Print lines matching a pattern\n   log        Show commit logs\n   show       Show various types of objects\n   status     Show the working tree status\n\ngrow, mark and tweak your common history\n   backfill   Download missing objects in a partial clone\n   branch     List, create, or delete branches\n   commit     Record changes to the repository\n   merge      Join two or more development histories together\n   rebase     Reapply commits on top of another base tip\n   reset      Reset current HEAD to the specified state\n   switch     Switch branches\n   tag        Create, list, delete or verify a tag object signed with GPG\n\ncollaborate (see also: git help workflows)\n   fetch      Download objects and refs from another repository\n   pull       Fetch from and integrate with another repository or a local branch\n   push       Update remote refs along with associated objects\n\n'git help -a' and 'git help -g' list available subcommands and some\nconcept guides. See 'git help <command>' or 'git help <concept>'\nto read about a specific subcommand or concept.\nSee 'git help git' for an overview of the system.\n""
[0m19:24:49.946002 [debug] [MainThread]: STDERR: "b''"
[0m19:24:49.947050 [info ] [MainThread]:  - git [[32mOK found[0m]

[0m19:24:49.947783 [info ] [MainThread]: Connection:
[0m19:24:49.948465 [info ] [MainThread]:   database: m5_warehouse
[0m19:24:49.949760 [info ] [MainThread]:   schema: retail_m5_dw
[0m19:24:49.951124 [info ] [MainThread]:   path: ../data/m5_warehouse.duckdb
[0m19:24:49.952502 [info ] [MainThread]:   config_options: None
[0m19:24:49.953914 [info ] [MainThread]:   extensions: None
[0m19:24:49.955374 [info ] [MainThread]:   settings: {}
[0m19:24:49.957175 [info ] [MainThread]:   external_root: .
[0m19:24:49.958593 [info ] [MainThread]:   use_credential_provider: None
[0m19:24:49.960070 [info ] [MainThread]:   attach: None
[0m19:24:49.961384 [info ] [MainThread]:   filesystems: None
[0m19:24:49.962614 [info ] [MainThread]:   remote: None
[0m19:24:49.963812 [info ] [MainThread]:   plugins: None
[0m19:24:49.965078 [info ] [MainThread]:   disable_transactions: False
[0m19:24:49.966635 [info ] [MainThread]: Registered adapter: duckdb=1.11.0
[0m19:24:51.192796 [debug] [MainThread]: Acquiring new duckdb connection 'debug'
[0m19:24:53.650330 [debug] [MainThread]: Using duckdb connection "debug"
[0m19:24:53.651401 [debug] [MainThread]: On debug: select 1 as id
[0m19:24:53.652281 [debug] [MainThread]: Opening a new connection, currently in state init
[0m19:24:53.719595 [debug] [MainThread]: DuckDB adapter: duckdb error: IO Error: Cannot open file "C:\Users\HP\OneDrive\Desktop\data\m5_warehouse.duckdb": The system cannot find the path specified.

[0m19:24:53.720733 [debug] [MainThread]: DuckDB adapter: Error running SQL: select 1 as id
[0m19:24:53.721738 [debug] [MainThread]: DuckDB adapter: Rolling back transaction.
[0m19:24:53.723700 [debug] [MainThread]: Opening a new connection, currently in state init
[0m19:24:53.753553 [info ] [MainThread]:   Connection test: [[31mERROR[0m]

[0m19:24:53.755837 [info ] [MainThread]: [31m2 checks failed:[0m
[0m19:24:53.757976 [info ] [MainThread]: Project loading failed for the following reason:
 project path <C:\Users\HP\OneDrive\Desktop\retail-demand-forecasting\dbt_project.yml> not found

[0m19:24:53.760339 [info ] [MainThread]: dbt was unable to connect to the specified database.
The database returned the following error:

  >IO Error: Cannot open file "C:\Users\HP\OneDrive\Desktop\data\m5_warehouse.duckdb": The system cannot find the path specified.


Check your database credentials and try again. For more information, visit:
https://docs.getdbt.com/docs/configure-your-profile


[0m19:24:53.764366 [debug] [MainThread]: Command `dbt debug` failed at 19:24:53.763898 after 4.61 seconds
[0m19:24:53.766108 [debug] [MainThread]: Connection 'debug' was properly closed.
[0m19:24:53.767854 [debug] [MainThread]: Sending event: {'category': 'dbt', 'action': 'invocation', 'label': 'end', 'context': [<snowplow_tracker.self_describing_json.SelfDescribingJson object at 0x000001E79866CC30>, <snowplow_tracker.self_describing_json.SelfDescribingJson object at 0x000001E798439010>, <snowplow_tracker.self_describing_json.SelfDescribingJson object at 0x000001E79867C6B0>]}
[0m19:24:53.769778 [debug] [MainThread]: Flushing usage events
[0m19:24:55.210713 [debug] [MainThread]: An error was encountered while trying to flush usage events
